[0m20:04:45.255442 [debug] [MainThread]: Sending event: {'category': 'dbt', 'action': 'invocation', 'label': 'start', 'context': [<snowplow_tracker.self_describing_json.SelfDescribingJson object at 0x000001C2196EBD90>, <snowplow_tracker.self_describing_json.SelfDescribingJson object at 0x000001C21972F750>, <snowplow_tracker.self_describing_json.SelfDescribingJson object at 0x000001C219738C90>]}


============================== 20:04:45.255442 | f63a08c9-194f-42e3-a66a-844d4fde27a2 ==============================
[0m20:04:45.255442 [info ] [MainThread]: Running with dbt=1.8.4
[0m20:04:45.255442 [debug] [MainThread]: running dbt with arguments {'printer_width': '80', 'indirect_selection': 'eager', 'log_cache_events': 'False', 'write_json': 'True', 'partial_parse': 'True', 'cache_selected_only': 'False', 'warn_error': 'None', 'version_check': 'True', 'fail_fast': 'False', 'log_path': 'logs', 'debug': 'False', 'profiles_dir': '..\\config', 'use_colors': 'True', 'use_experimental_parser': 'False', 'no_print': 'None', 'quiet': 'False', 'empty': 'None', 'warn_error_options': 'WarnErrorOptions(include=[], exclude=[])', 'introspect': 'True', 'invocation_command': 'dbt debug --profiles-dir ..\\config', 'static_parser': 'True', 'target_path': 'None', 'log_format': 'default', 'send_anonymous_usage_stats': 'True'}
[0m20:04:45.292708 [info ] [MainThread]: dbt version: 1.8.4
[0m20:04:45.293710 [info ] [MainThread]: python version: 3.11.9
[0m20:04:45.294708 [info ] [MainThread]: python path: C:\Users\v-impathan\Downloads\Working\Learning\Toptal\project\ticketing-data-platform\source-data-generator\venv\Scripts\python.exe
[0m20:04:45.294708 [info ] [MainThread]: os info: Windows-10-10.0.26200-SP0
[0m20:04:45.295709 [info ] [MainThread]: Using profiles dir at ..\config
[0m20:04:45.296709 [info ] [MainThread]: Using profiles.yml file at ..\config\profiles.yml
[0m20:04:45.296709 [info ] [MainThread]: Using dbt_project.yml file at C:\Users\v-impathan\Downloads\Working\Learning\Toptal\project\ticketing-data-platform\dbt_project.yml
[0m20:04:45.297709 [info ] [MainThread]: Configuration:
[0m20:04:45.297709 [info ] [MainThread]:   profiles.yml file [[31mERROR not found[0m]
[0m20:04:45.301571 [info ] [MainThread]:   dbt_project.yml file [[31mERROR not found[0m]
[0m20:04:45.301571 [info ] [MainThread]: Required dependencies:
[0m20:04:45.301571 [debug] [MainThread]: Executing "git --help"
[0m20:04:45.372106 [debug] [MainThread]: STDOUT: "b"usage: git [-v | --version] [-h | --help] [-C <path>] [-c <name>=<value>]\n           [--exec-path[=<path>]] [--html-path] [--man-path] [--info-path]\n           [-p | --paginate | -P | --no-pager] [--no-replace-objects] [--no-lazy-fetch]\n           [--no-optional-locks] [--no-advice] [--bare] [--git-dir=<path>]\n           [--work-tree=<path>] [--namespace=<name>] [--config-env=<name>=<envvar>]\n           <command> [<args>]\n\nThese are common Git commands used in various situations:\n\nstart a working area (see also: git help tutorial)\n   clone      Clone a repository into a new directory\n   init       Create an empty Git repository or reinitialize an existing one\n\nwork on the current change (see also: git help everyday)\n   add        Add file contents to the index\n   mv         Move or rename a file, a directory, or a symlink\n   restore    Restore working tree files\n   rm         Remove files from the working tree and from the index\n\nexamine the history and state (see also: git help revisions)\n   bisect     Use binary search to find the commit that introduced a bug\n   diff       Show changes between commits, commit and working tree, etc\n   grep       Print lines matching a pattern\n   log        Show commit logs\n   show       Show various types of objects\n   status     Show the working tree status\n\ngrow, mark and tweak your common history\n   backfill   Download missing objects in a partial clone\n   branch     List, create, or delete branches\n   commit     Record changes to the repository\n   history    EXPERIMENTAL: Rewrite history\n   merge      Join two or more development histories together\n   rebase     Reapply commits on top of another base tip\n   reset      Set `HEAD` or the index to a known state\n   switch     Switch branches\n   tag        Create, list, delete or verify tags\n\ncollaborate (see also: git help workflows)\n   fetch      Download objects and refs from another repository\n   pull       Fetch from and integrate with another repository or a local branch\n   push       Update remote refs along with associated objects\n\n'git help -a' and 'git help -g' list available subcommands and some\nconcept guides. See 'git help <command>' or 'git help <concept>'\nto read about a specific subcommand or concept.\nSee 'git help git' for an overview of the system.\n""
[0m20:04:45.372106 [debug] [MainThread]: STDERR: "b''"
[0m20:04:45.372106 [info ] [MainThread]:  - git [[32mOK found[0m]

[0m20:04:45.372106 [info ] [MainThread]: Connection test skipped since no profile was found
[0m20:04:45.372106 [info ] [MainThread]: [31m2 checks failed:[0m
[0m20:04:45.372106 [info ] [MainThread]: dbt looked for a profiles.yml file in ..\config\profiles.yml, but did
not find one. For more information on configuring your profile, consult the
documentation:

https://docs.getdbt.com/docs/configure-your-profile


[0m20:04:45.372106 [info ] [MainThread]: Project loading failed for the following reason:
 project path <C:\Users\v-impathan\Downloads\Working\Learning\Toptal\project\ticketing-data-platform\dbt_project.yml> not found

[0m20:04:45.372106 [debug] [MainThread]: Command `dbt debug` failed at 20:04:45.372106 after 0.22 seconds
[0m20:04:45.372106 [debug] [MainThread]: Sending event: {'category': 'dbt', 'action': 'invocation', 'label': 'end', 'context': [<snowplow_tracker.self_describing_json.SelfDescribingJson object at 0x000001C2196E1D50>, <snowplow_tracker.self_describing_json.SelfDescribingJson object at 0x000001C21973A650>, <snowplow_tracker.self_describing_json.SelfDescribingJson object at 0x000001C21973A590>]}
[0m20:04:45.378456 [debug] [MainThread]: Flushing usage events
[0m20:05:08.331119 [debug] [MainThread]: Sending event: {'category': 'dbt', 'action': 'invocation', 'label': 'start', 'context': [<snowplow_tracker.self_describing_json.SelfDescribingJson object at 0x00000238582BAE10>, <snowplow_tracker.self_describing_json.SelfDescribingJson object at 0x0000023858262150>, <snowplow_tracker.self_describing_json.SelfDescribingJson object at 0x0000023857F4DF10>]}


============================== 20:05:08.335119 | 51f6631d-953a-45fc-910c-0a3e8bbff240 ==============================
[0m20:05:08.335119 [info ] [MainThread]: Running with dbt=1.8.4
[0m20:05:08.335119 [debug] [MainThread]: running dbt with arguments {'printer_width': '80', 'indirect_selection': 'eager', 'log_cache_events': 'False', 'write_json': 'True', 'partial_parse': 'True', 'cache_selected_only': 'False', 'warn_error': 'None', 'debug': 'False', 'fail_fast': 'False', 'log_path': 'logs', 'version_check': 'True', 'profiles_dir': '../../config', 'use_colors': 'True', 'use_experimental_parser': 'False', 'empty': 'None', 'quiet': 'False', 'no_print': 'None', 'warn_error_options': 'WarnErrorOptions(include=[], exclude=[])', 'invocation_command': 'dbt debug --profiles-dir ../../config', 'introspect': 'True', 'static_parser': 'True', 'target_path': 'None', 'log_format': 'default', 'send_anonymous_usage_stats': 'True'}
[0m20:05:08.350638 [info ] [MainThread]: dbt version: 1.8.4
[0m20:05:08.350638 [info ] [MainThread]: python version: 3.11.9
[0m20:05:08.350638 [info ] [MainThread]: python path: C:\Users\v-impathan\Downloads\Working\Learning\Toptal\project\ticketing-data-platform\source-data-generator\venv\Scripts\python.exe
[0m20:05:08.350638 [info ] [MainThread]: os info: Windows-10-10.0.26200-SP0
[0m20:05:08.350638 [info ] [MainThread]: Using profiles dir at ../../config
[0m20:05:08.350638 [info ] [MainThread]: Using profiles.yml file at ../../config\profiles.yml
[0m20:05:08.350638 [info ] [MainThread]: Using dbt_project.yml file at C:\Users\v-impathan\Downloads\Working\Learning\Toptal\project\ticketing-data-platform\dbt_project.yml
[0m20:05:08.350638 [info ] [MainThread]: Configuration:
[0m20:05:08.350638 [info ] [MainThread]:   profiles.yml file [[31mERROR not found[0m]
[0m20:05:08.359855 [info ] [MainThread]:   dbt_project.yml file [[31mERROR not found[0m]
[0m20:05:08.359855 [info ] [MainThread]: Required dependencies:
[0m20:05:08.359855 [debug] [MainThread]: Executing "git --help"
[0m20:05:08.418948 [debug] [MainThread]: STDOUT: "b"usage: git [-v | --version] [-h | --help] [-C <path>] [-c <name>=<value>]\n           [--exec-path[=<path>]] [--html-path] [--man-path] [--info-path]\n           [-p | --paginate | -P | --no-pager] [--no-replace-objects] [--no-lazy-fetch]\n           [--no-optional-locks] [--no-advice] [--bare] [--git-dir=<path>]\n           [--work-tree=<path>] [--namespace=<name>] [--config-env=<name>=<envvar>]\n           <command> [<args>]\n\nThese are common Git commands used in various situations:\n\nstart a working area (see also: git help tutorial)\n   clone      Clone a repository into a new directory\n   init       Create an empty Git repository or reinitialize an existing one\n\nwork on the current change (see also: git help everyday)\n   add        Add file contents to the index\n   mv         Move or rename a file, a directory, or a symlink\n   restore    Restore working tree files\n   rm         Remove files from the working tree and from the index\n\nexamine the history and state (see also: git help revisions)\n   bisect     Use binary search to find the commit that introduced a bug\n   diff       Show changes between commits, commit and working tree, etc\n   grep       Print lines matching a pattern\n   log        Show commit logs\n   show       Show various types of objects\n   status     Show the working tree status\n\ngrow, mark and tweak your common history\n   backfill   Download missing objects in a partial clone\n   branch     List, create, or delete branches\n   commit     Record changes to the repository\n   history    EXPERIMENTAL: Rewrite history\n   merge      Join two or more development histories together\n   rebase     Reapply commits on top of another base tip\n   reset      Set `HEAD` or the index to a known state\n   switch     Switch branches\n   tag        Create, list, delete or verify tags\n\ncollaborate (see also: git help workflows)\n   fetch      Download objects and refs from another repository\n   pull       Fetch from and integrate with another repository or a local branch\n   push       Update remote refs along with associated objects\n\n'git help -a' and 'git help -g' list available subcommands and some\nconcept guides. See 'git help <command>' or 'git help <concept>'\nto read about a specific subcommand or concept.\nSee 'git help git' for an overview of the system.\n""
[0m20:05:08.418948 [debug] [MainThread]: STDERR: "b''"
[0m20:05:08.418948 [info ] [MainThread]:  - git [[32mOK found[0m]

[0m20:05:08.418948 [info ] [MainThread]: Connection test skipped since no profile was found
[0m20:05:08.418948 [info ] [MainThread]: [31m2 checks failed:[0m
[0m20:05:08.418948 [info ] [MainThread]: dbt looked for a profiles.yml file in ../../config\profiles.yml, but did
not find one. For more information on configuring your profile, consult the
documentation:

https://docs.getdbt.com/docs/configure-your-profile


[0m20:05:08.418948 [info ] [MainThread]: Project loading failed for the following reason:
 project path <C:\Users\v-impathan\Downloads\Working\Learning\Toptal\project\ticketing-data-platform\dbt_project.yml> not found

[0m20:05:08.418948 [debug] [MainThread]: Command `dbt debug` failed at 20:05:08.418948 after 0.19 seconds
[0m20:05:08.418948 [debug] [MainThread]: Sending event: {'category': 'dbt', 'action': 'invocation', 'label': 'end', 'context': [<snowplow_tracker.self_describing_json.SelfDescribingJson object at 0x0000023858261E10>, <snowplow_tracker.self_describing_json.SelfDescribingJson object at 0x00000238517E0290>, <snowplow_tracker.self_describing_json.SelfDescribingJson object at 0x00000238582687D0>]}
[0m20:05:08.418948 [debug] [MainThread]: Flushing usage events
[0m13:09:09.106936 [debug] [MainThread]: Sending event: {'category': 'dbt', 'action': 'invocation', 'label': 'start', 'context': [<snowplow_tracker.self_describing_json.SelfDescribingJson object at 0x00000279BD949D10>, <snowplow_tracker.self_describing_json.SelfDescribingJson object at 0x00000279BD9CD810>, <snowplow_tracker.self_describing_json.SelfDescribingJson object at 0x00000279BDE17B10>]}


============================== 13:09:09.112140 | d6e78e7a-1bdd-469b-a1ca-cf0d7f742af5 ==============================
[0m13:09:09.112140 [info ] [MainThread]: Running with dbt=1.8.4
[0m13:09:09.113122 [debug] [MainThread]: running dbt with arguments {'printer_width': '80', 'indirect_selection': 'eager', 'log_cache_events': 'False', 'write_json': 'True', 'partial_parse': 'True', 'cache_selected_only': 'False', 'profiles_dir': 'config', 'fail_fast': 'False', 'version_check': 'True', 'log_path': 'logs', 'warn_error': 'None', 'debug': 'False', 'use_colors': 'True', 'use_experimental_parser': 'False', 'no_print': 'None', 'quiet': 'False', 'empty': 'False', 'warn_error_options': 'WarnErrorOptions(include=[], exclude=[])', 'static_parser': 'True', 'log_format': 'default', 'introspect': 'True', 'target_path': 'None', 'invocation_command': 'dbt build --profiles-dir config', 'send_anonymous_usage_stats': 'True'}
[0m13:09:09.113632 [error] [MainThread]: Encountered an error:
Runtime Error
  No dbt_project.yml found at expected path C:\Users\v-impathan\Downloads\Working\Learning\Toptal\project\ticketing-data-platform\dbt_project.yml
  Verify that each entry within packages.yml (and their transitive dependencies) contains a file named dbt_project.yml
  
[0m13:09:09.115251 [debug] [MainThread]: Command `dbt build` failed at 13:09:09.114730 after 0.16 seconds
[0m13:09:09.115764 [debug] [MainThread]: Sending event: {'category': 'dbt', 'action': 'invocation', 'label': 'end', 'context': [<snowplow_tracker.self_describing_json.SelfDescribingJson object at 0x00000279B74F7D50>, <snowplow_tracker.self_describing_json.SelfDescribingJson object at 0x00000279BDDBD610>, <snowplow_tracker.self_describing_json.SelfDescribingJson object at 0x00000279BDDC4690>]}
[0m13:09:09.115764 [debug] [MainThread]: Flushing usage events
